2026-07-09 22:24:19,870 - aqt.main - INFO - installer 21360 aqtinstall(aqt) v3.3.0 on Python 3.12.10 [CPython MSC v.1943 64 bit (AMD64)]
2026-07-09 22:24:19,871 - aqt.helper - DEBUG - helper 21360 Attempt to download checksum at https://download.qt.io/online/qtsdkrepository/windows_x86/desktop/qt6_673/Updates.xml.sha256
2026-07-09 22:24:22,352 - aqt.helper - DEBUG - helper 20028 Attempt to download checksum at https://download.qt.io/online/qtsdkrepository/windows_x86/desktop/qt6_673/qt.qt6.673.qtquick3d.win64_msvc2019_64/6.7.3-0-202409200836qtquick3d-Windows-Windows_10_22H2-MSVC2019-Windows-Windows_10_22H2-X86_64.7z.sha256
2026-07-09 22:24:22,366 - aqt.helper - DEBUG - helper 7876 Attempt to download checksum at https://download.qt.io/online/qtsdkrepository/windows_x86/desktop/qt6_673/qt.qt6.673.qtshadertools.win64_msvc2019_64/6.7.3-0-202409200836qtshadertools-Windows-Windows_10_22H2-MSVC2019-Windows-Windows_10_22H2-X86_64.7z.sha256
2026-07-09 22:24:22,382 - aqt.helper - DEBUG - helper 2752 Attempt to download checksum at https://download.qt.io/online/qtsdkrepository/windows_x86/desktop/qt6_673/qt.qt6.673.win64_msvc2019_64/6.7.3-0-202409200836qtbase-Windows-Windows_10_22H2-MSVC2019-Windows-Windows_10_22H2-X86_64.7z.sha256
2026-07-09 22:24:22,397 - aqt.helper - DEBUG - helper 17628 Attempt to download checksum at https://download.qt.io/online/qtsdkrepository/windows_x86/desktop/qt6_673/qt.qt6.673.win64_msvc2019_64/6.7.3-0-202409200836qtsvg-Windows-Windows_10_22H2-MSVC2019-Windows-Windows_10_22H2-X86_64.7z.sha256
2026-07-09 22:24:23,089 - aqt.helper - INFO - helper 20028 Downloading qtquick3d...
2026-07-09 22:24:23,089 - aqt.installer - DEBUG - installer 20028 Download URL: https://download.qt.io/online/qtsdkrepository/windows_x86/desktop/qt6_673/qt.qt6.673.qtquick3d.win64_msvc2019_64/6.7.3-0-202409200836qtquick3d-Windows-Windows_10_22H2-MSVC2019-Windows-Windows_10_22H2-X86_64.7z
2026-07-09 22:24:23,111 - aqt.helper - INFO - helper 2752 Downloading qtbase...
2026-07-09 22:24:23,111 - aqt.installer - DEBUG - installer 2752 Download URL: https://download.qt.io/online/qtsdkrepository/windows_x86/desktop/qt6_673/qt.qt6.673.win64_msvc2019_64/6.7.3-0-202409200836qtbase-Windows-Windows_10_22H2-MSVC2019-Windows-Windows_10_22H2-X86_64.7z
2026-07-09 22:24:23,132 - aqt.helper - INFO - helper 7876 Downloading qtshadertools...
2026-07-09 22:24:23,133 - aqt.installer - DEBUG - installer 7876 Download URL: https://download.qt.io/online/qtsdkrepository/windows_x86/desktop/qt6_673/qt.qt6.673.qtshadertools.win64_msvc2019_64/6.7.3-0-202409200836qtshadertools-Windows-Windows_10_22H2-MSVC2019-Windows-Windows_10_22H2-X86_64.7z
2026-07-09 22:24:23,139 - aqt.helper - INFO - helper 17628 Downloading qtsvg...
2026-07-09 22:24:23,139 - aqt.installer - DEBUG - installer 17628 Download URL: https://download.qt.io/online/qtsdkrepository/windows_x86/desktop/qt6_673/qt.qt6.673.win64_msvc2019_64/6.7.3-0-202409200836qtsvg-Windows-Windows_10_22H2-MSVC2019-Windows-Windows_10_22H2-X86_64.7z
2026-07-09 22:24:23,822 - aqt.helper - DEBUG - helper 7876 Asked to redirect(302) to: https://mirrors.ukfast.co.uk/sites/qt.io/online/qtsdkrepository/windows_x86/desktop/qt6_673/qt.qt6.673.qtshadertools.win64_msvc2019_64/6.7.3-0-202409200836qtshadertools-Windows-Windows_10_22H2-MSVC2019-Windows-Windows_10_22H2-X86_64.7z
2026-07-09 22:24:23,823 - aqt.helper - INFO - helper 7876 Redirected: mirrors.ukfast.co.uk
2026-07-09 22:24:23,827 - aqt.helper - DEBUG - helper 20028 Asked to redirect(302) to: https://mirrors.ukfast.co.uk/sites/qt.io/online/qtsdkrepository/windows_x86/desktop/qt6_673/qt.qt6.673.qtquick3d.win64_msvc2019_64/6.7.3-0-202409200836qtquick3d-Windows-Windows_10_22H2-MSVC2019-Windows-Windows_10_22H2-X86_64.7z
2026-07-09 22:24:23,828 - aqt.helper - INFO - helper 20028 Redirected: mirrors.ukfast.co.uk
2026-07-09 22:24:23,853 - aqt.helper - DEBUG - helper 2752 Asked to redirect(302) to: https://mirrors.ukfast.co.uk/sites/qt.io/online/qtsdkrepository/windows_x86/desktop/qt6_673/qt.qt6.673.win64_msvc2019_64/6.7.3-0-202409200836qtbase-Windows-Windows_10_22H2-MSVC2019-Windows-Windows_10_22H2-X86_64.7z
2026-07-09 22:24:23,853 - aqt.helper - INFO - helper 2752 Redirected: mirrors.ukfast.co.uk
2026-07-09 22:24:23,862 - aqt.helper - DEBUG - helper 17628 Asked to redirect(302) to: https://mirrors.ukfast.co.uk/sites/qt.io/online/qtsdkrepository/windows_x86/desktop/qt6_673/qt.qt6.673.win64_msvc2019_64/6.7.3-0-202409200836qtsvg-Windows-Windows_10_22H2-MSVC2019-Windows-Windows_10_22H2-X86_64.7z
2026-07-09 22:24:23,863 - aqt.helper - INFO - helper 17628 Redirected: mirrors.ukfast.co.uk
2026-07-09 22:24:25,243 - aqt.installer - INFO - installer 17628 Finished installation of qtsvg-Windows-Windows_10_22H2-MSVC2019-Windows-Windows_10_22H2-X86_64.7z in 2.84683620
2026-07-09 22:24:25,255 - aqt.helper - DEBUG - helper 17628 Attempt to download checksum at https://download.qt.io/online/qtsdkrepository/windows_x86/desktop/qt6_673/qt.qt6.673.win64_msvc2019_64/6.7.3-0-202409200836qtdeclarative-Windows-Windows_10_22H2-MSVC2019-Windows-Windows_10_22H2-X86_64.7z.sha256
2026-07-09 22:24:25,912 - aqt.helper - INFO - helper 17628 Downloading qtdeclarative...
2026-07-09 22:24:25,912 - aqt.installer - DEBUG - installer 17628 Download URL: https://download.qt.io/online/qtsdkrepository/windows_x86/desktop/qt6_673/qt.qt6.673.win64_msvc2019_64/6.7.3-0-202409200836qtdeclarative-Windows-Windows_10_22H2-MSVC2019-Windows-Windows_10_22H2-X86_64.7z
2026-07-09 22:24:25,932 - aqt.installer - INFO - installer 7876 Finished installation of qtshadertools-Windows-Windows_10_22H2-MSVC2019-Windows-Windows_10_22H2-X86_64.7z in 3.56692180
2026-07-09 22:24:25,943 - aqt.helper - DEBUG - helper 7876 Attempt to download checksum at https://download.qt.io/online/qtsdkrepository/windows_x86/desktop/qt6_673/qt.qt6.673.win64_msvc2019_64/6.7.3-0-202409200836qttools-Windows-Windows_10_22H2-MSVC2019-Windows-Windows_10_22H2-X86_64.7z.sha256
2026-07-09 22:24:26,639 - aqt.helper - DEBUG - helper 17628 Asked to redirect(302) to: https://mirrors.ukfast.co.uk/sites/qt.io/online/qtsdkrepository/windows_x86/desktop/qt6_673/qt.qt6.673.win64_msvc2019_64/6.7.3-0-202409200836qtdeclarative-Windows-Windows_10_22H2-MSVC2019-Windows-Windows_10_22H2-X86_64.7z
2026-07-09 22:24:26,639 - aqt.helper - INFO - helper 17628 Redirected: mirrors.ukfast.co.uk
2026-07-09 22:24:26,691 - aqt.helper - INFO - helper 7876 Downloading qttools...
2026-07-09 22:24:26,691 - aqt.installer - DEBUG - installer 7876 Download URL: https://download.qt.io/online/qtsdkrepository/windows_x86/desktop/qt6_673/qt.qt6.673.win64_msvc2019_64/6.7.3-0-202409200836qttools-Windows-Windows_10_22H2-MSVC2019-Windows-Windows_10_22H2-X86_64.7z
2026-07-09 22:24:27,414 - aqt.helper - DEBUG - helper 7876 Asked to redirect(302) to: https://mirrors.ukfast.co.uk/sites/qt.io/online/qtsdkrepository/windows_x86/desktop/qt6_673/qt.qt6.673.win64_msvc2019_64/6.7.3-0-202409200836qttools-Windows-Windows_10_22H2-MSVC2019-Windows-Windows_10_22H2-X86_64.7z
2026-07-09 22:24:27,414 - aqt.helper - INFO - helper 7876 Redirected: mirrors.ukfast.co.uk
2026-07-09 22:24:32,096 - aqt.installer - INFO - installer 20028 Finished installation of qtquick3d-Windows-Windows_10_22H2-MSVC2019-Windows-Windows_10_22H2-X86_64.7z in 9.74524750
2026-07-09 22:24:32,112 - aqt.helper - DEBUG - helper 20028 Attempt to download checksum at https://download.qt.io/online/qtsdkrepository/windows_x86/desktop/qt6_673/qt.qt6.673.win64_msvc2019_64/6.7.3-0-202409200836qttranslations-Windows-Windows_10_22H2-MSVC2019-Windows-Windows_10_22H2-X86_64.7z.sha256
2026-07-09 22:24:33,794 - aqt.helper - INFO - helper 20028 Downloading qttranslations...
2026-07-09 22:24:33,794 - aqt.installer - DEBUG - installer 20028 Download URL: https://download.qt.io/online/qtsdkrepository/windows_x86/desktop/qt6_673/qt.qt6.673.win64_msvc2019_64/6.7.3-0-202409200836qttranslations-Windows-Windows_10_22H2-MSVC2019-Windows-Windows_10_22H2-X86_64.7z
2026-07-09 22:24:34,486 - aqt.helper - DEBUG - helper 20028 Asked to redirect(302) to: https://mirrors.ukfast.co.uk/sites/qt.io/online/qtsdkrepository/windows_x86/desktop/qt6_673/qt.qt6.673.win64_msvc2019_64/6.7.3-0-202409200836qttranslations-Windows-Windows_10_22H2-MSVC2019-Windows-Windows_10_22H2-X86_64.7z
2026-07-09 22:24:34,486 - aqt.helper - INFO - helper 20028 Redirected: mirrors.ukfast.co.uk
2026-07-09 22:24:36,090 - aqt.installer - INFO - installer 20028 Finished installation of qttranslations-Windows-Windows_10_22H2-MSVC2019-Windows-Windows_10_22H2-X86_64.7z in 3.97975790
2026-07-09 22:24:36,100 - aqt.helper - DEBUG - helper 20028 Attempt to download checksum at https://download.qt.io/online/qtsdkrepository/windows_x86/desktop/qt6_673/qt.qt6.673.win64_msvc2019_64/6.7.3-0-202409200836d3dcompiler_47-x64.7z.sha256
2026-07-09 22:24:36,754 - aqt.helper - INFO - helper 20028 Downloading d3dcompiler_47...
2026-07-09 22:24:36,754 - aqt.installer - DEBUG - installer 20028 Download URL: https://download.qt.io/online/qtsdkrepository/windows_x86/desktop/qt6_673/qt.qt6.673.win64_msvc2019_64/6.7.3-0-202409200836d3dcompiler_47-x64.7z
2026-07-09 22:24:37,426 - aqt.helper - DEBUG - helper 20028 Asked to redirect(302) to: https://mirrors.ukfast.co.uk/sites/qt.io/online/qtsdkrepository/windows_x86/desktop/qt6_673/qt.qt6.673.win64_msvc2019_64/6.7.3-0-202409200836d3dcompiler_47-x64.7z
2026-07-09 22:24:37,426 - aqt.helper - INFO - helper 20028 Redirected: mirrors.ukfast.co.uk
2026-07-09 22:24:38,815 - aqt.installer - INFO - installer 20028 Finished installation of d3dcompiler_47-x64.7z in 2.71641150
2026-07-09 22:24:38,828 - aqt.helper - DEBUG - helper 20028 Attempt to download checksum at https://download.qt.io/online/qtsdkrepository/windows_x86/desktop/qt6_673/qt.qt6.673.win64_msvc2019_64/6.7.3-0-202409200836opengl32sw-64-mesa_11_2_2-signed_sha256.7z.sha256
2026-07-09 22:24:39,481 - aqt.helper - INFO - helper 20028 Downloading opengl32sw...
2026-07-09 22:24:39,481 - aqt.installer - DEBUG - installer 20028 Download URL: https://download.qt.io/online/qtsdkrepository/windows_x86/desktop/qt6_673/qt.qt6.673.win64_msvc2019_64/6.7.3-0-202409200836opengl32sw-64-mesa_11_2_2-signed_sha256.7z
2026-07-09 22:24:40,128 - aqt.helper - DEBUG - helper 20028 Asked to redirect(302) to: https://mirrors.ukfast.co.uk/sites/qt.io/online/qtsdkrepository/windows_x86/desktop/qt6_673/qt.qt6.673.win64_msvc2019_64/6.7.3-0-202409200836opengl32sw-64-mesa_11_2_2-signed_sha256.7z
2026-07-09 22:24:40,128 - aqt.helper - INFO - helper 20028 Redirected: mirrors.ukfast.co.uk
2026-07-09 22:24:42,344 - aqt.installer - INFO - installer 20028 Finished installation of opengl32sw-64-mesa_11_2_2-signed_sha256.7z in 3.51855190
2026-07-09 22:24:52,488 - aqt.installer - INFO - installer 7876 Finished installation of qttools-Windows-Windows_10_22H2-MSVC2019-Windows-Windows_10_22H2-X86_64.7z in 26.54784410
2026-07-09 22:24:58,214 - aqt.installer - INFO - installer 2752 Finished installation of qtbase-Windows-Windows_10_22H2-MSVC2019-Windows-Windows_10_22H2-X86_64.7z in 35.83448730
2026-07-09 22:25:54,684 - aqt.installer - INFO - installer 17628 Finished installation of qtdeclarative-Windows-Windows_10_22H2-MSVC2019-Windows-Windows_10_22H2-X86_64.7z in 89.43036470
2026-07-09 22:25:54,838 - aqt.updater - INFO - updater 21360 Patching C:\Qt\6.7.3\msvc2019_64\bin\qmake.exe
2026-07-09 22:25:54,841 - aqt.updater - INFO - updater 21360 Patching C:\Qt\6.7.3\msvc2019_64\lib\Qt6Concurrent.prl
2026-07-09 22:25:54,847 - aqt.updater - INFO - updater 21360 Patching C:\Qt\6.7.3\msvc2019_64\lib\Qt6Concurrentd.prl
2026-07-09 22:25:54,853 - aqt.updater - INFO - updater 21360 Patching C:\Qt\6.7.3\msvc2019_64\lib\Qt6Core.prl
2026-07-09 22:25:54,858 - aqt.updater - INFO - updater 21360 Patching C:\Qt\6.7.3\msvc2019_64\lib\Qt6Cored.prl
2026-07-09 22:25:54,864 - aqt.updater - INFO - updater 21360 Patching C:\Qt\6.7.3\msvc2019_64\lib\Qt6DBus.prl
2026-07-09 22:25:54,869 - aqt.updater - INFO - updater 21360 Patching C:\Qt\6.7.3\msvc2019_64\lib\Qt6DBusd.prl
2026-07-09 22:25:54,875 - aqt.updater - INFO - updater 21360 Patching C:\Qt\6.7.3\msvc2019_64\lib\Qt6Designer.prl
2026-07-09 22:25:54,881 - aqt.updater - INFO - updater 21360 Patching C:\Qt\6.7.3\msvc2019_64\lib\Qt6DesignerComponents.prl
2026-07-09 22:25:54,886 - aqt.updater - INFO - updater 21360 Patching C:\Qt\6.7.3\msvc2019_64\lib\Qt6DesignerComponentsd.prl
2026-07-09 22:25:54,893 - aqt.updater - INFO - updater 21360 Patching C:\Qt\6.7.3\msvc2019_64\lib\Qt6Designerd.prl
2026-07-09 22:25:54,898 - aqt.updater - INFO - updater 21360 Patching C:\Qt\6.7.3\msvc2019_64\lib\Qt6DeviceDiscoverySupport.prl
2026-07-09 22:25:54,903 - aqt.updater - INFO - updater 21360 Patching C:\Qt\6.7.3\msvc2019_64\lib\Qt6DeviceDiscoverySupportd.prl
2026-07-09 22:25:54,908 - aqt.updater - INFO - updater 21360 Patching C:\Qt\6.7.3\msvc2019_64\lib\Qt6EntryPoint.prl
2026-07-09 22:25:54,914 - aqt.updater - INFO - updater 21360 Patching C:\Qt\6.7.3\msvc2019_64\lib\Qt6EntryPointd.prl
2026-07-09 22:25:54,919 - aqt.updater - INFO - updater 21360 Patching C:\Qt\6.7.3\msvc2019_64\lib\Qt6ExampleIcons.prl
2026-07-09 22:25:54,924 - aqt.updater - INFO - updater 21360 Patching C:\Qt\6.7.3\msvc2019_64\lib\Qt6ExampleIconsd.prl
2026-07-09 22:25:54,929 - aqt.updater - INFO - updater 21360 Patching C:\Qt\6.7.3\msvc2019_64\lib\Qt6FbSupport.prl
2026-07-09 22:25:54,935 - aqt.updater - INFO - updater 21360 Patching C:\Qt\6.7.3\msvc2019_64\lib\Qt6FbSupportd.prl
2026-07-09 22:25:54,941 - aqt.updater - INFO - updater 21360 Patching C:\Qt\6.7.3\msvc2019_64\lib\Qt6Gui.prl
2026-07-09 22:25:54,947 - aqt.updater - INFO - updater 21360 Patching C:\Qt\6.7.3\msvc2019_64\lib\Qt6Guid.prl
2026-07-09 22:25:54,953 - aqt.updater - INFO - updater 21360 Patching C:\Qt\6.7.3\msvc2019_64\lib\Qt6Help.prl
2026-07-09 22:25:54,959 - aqt.updater - INFO - updater 21360 Patching C:\Qt\6.7.3\msvc2019_64\lib\Qt6Helpd.prl
2026-07-09 22:25:54,964 - aqt.updater - INFO - updater 21360 Patching C:\Qt\6.7.3\msvc2019_64\lib\Qt6LabsAnimation.prl
2026-07-09 22:25:54,970 - aqt.updater - INFO - updater 21360 Patching C:\Qt\6.7.3\msvc2019_64\lib\Qt6LabsAnimationd.prl
2026-07-09 22:25:54,975 - aqt.updater - INFO - updater 21360 Patching C:\Qt\6.7.3\msvc2019_64\lib\Qt6LabsFolderListModel.prl
2026-07-09 22:25:54,980 - aqt.updater - INFO - updater 21360 Patching C:\Qt\6.7.3\msvc2019_64\lib\Qt6LabsFolderListModeld.prl
2026-07-09 22:25:54,986 - aqt.updater - INFO - updater 21360 Patching C:\Qt\6.7.3\msvc2019_64\lib\Qt6LabsQmlModels.prl
2026-07-09 22:25:54,991 - aqt.updater - INFO - updater 21360 Patching C:\Qt\6.7.3\msvc2019_64\lib\Qt6LabsQmlModelsd.prl
2026-07-09 22:25:55,000 - aqt.updater - INFO - updater 21360 Patching C:\Qt\6.7.3\msvc2019_64\lib\Qt6LabsSettings.prl
2026-07-09 22:25:55,006 - aqt.updater - INFO - updater 21360 Patching C:\Qt\6.7.3\msvc2019_64\lib\Qt6LabsSettingsd.prl
2026-07-09 22:25:55,013 - aqt.updater - INFO - updater 21360 Patching C:\Qt\6.7.3\msvc2019_64\lib\Qt6LabsSharedImage.prl
2026-07-09 22:25:55,018 - aqt.updater - INFO - updater 21360 Patching C:\Qt\6.7.3\msvc2019_64\lib\Qt6LabsSharedImaged.prl
2026-07-09 22:25:55,024 - aqt.updater - INFO - updater 21360 Patching C:\Qt\6.7.3\msvc2019_64\lib\Qt6LabsWavefrontMesh.prl
2026-07-09 22:25:55,031 - aqt.updater - INFO - updater 21360 Patching C:\Qt\6.7.3\msvc2019_64\lib\Qt6LabsWavefrontMeshd.prl
2026-07-09 22:25:55,036 - aqt.updater - INFO - updater 21360 Patching C:\Qt\6.7.3\msvc2019_64\lib\Qt6Network.prl
2026-07-09 22:25:55,041 - aqt.updater - INFO - updater 21360 Patching C:\Qt\6.7.3\msvc2019_64\lib\Qt6Networkd.prl
2026-07-09 22:25:55,047 - aqt.updater - INFO - updater 21360 Patching C:\Qt\6.7.3\msvc2019_64\lib\Qt6OpenGL.prl
2026-07-09 22:25:55,051 - aqt.updater - INFO - updater 21360 Patching C:\Qt\6.7.3\msvc2019_64\lib\Qt6OpenGLd.prl
2026-07-09 22:25:55,057 - aqt.updater - INFO - updater 21360 Patching C:\Qt\6.7.3\msvc2019_64\lib\Qt6OpenGLWidgets.prl
2026-07-09 22:25:55,062 - aqt.updater - INFO - updater 21360 Patching C:\Qt\6.7.3\msvc2019_64\lib\Qt6OpenGLWidgetsd.prl
2026-07-09 22:25:55,066 - aqt.updater - INFO - updater 21360 Patching C:\Qt\6.7.3\msvc2019_64\lib\Qt6PacketProtocol.prl
2026-07-09 22:25:55,071 - aqt.updater - INFO - updater 21360 Patching C:\Qt\6.7.3\msvc2019_64\lib\Qt6PacketProtocold.prl
2026-07-09 22:25:55,077 - aqt.updater - INFO - updater 21360 Patching C:\Qt\6.7.3\msvc2019_64\lib\Qt6PrintSupport.prl
2026-07-09 22:25:55,082 - aqt.updater - INFO - updater 21360 Patching C:\Qt\6.7.3\msvc2019_64\lib\Qt6PrintSupportd.prl
2026-07-09 22:25:55,088 - aqt.updater - INFO - updater 21360 Patching C:\Qt\6.7.3\msvc2019_64\lib\Qt6Qml.prl
2026-07-09 22:25:55,093 - aqt.updater - INFO - updater 21360 Patching C:\Qt\6.7.3\msvc2019_64\lib\Qt6QmlBuiltins.prl
2026-07-09 22:25:55,099 - aqt.updater - INFO - updater 21360 Patching C:\Qt\6.7.3\msvc2019_64\lib\Qt6QmlBuiltinsd.prl
2026-07-09 22:25:55,106 - aqt.updater - INFO - updater 21360 Patching C:\Qt\6.7.3\msvc2019_64\lib\Qt6QmlCompiler.prl
2026-07-09 22:25:55,110 - aqt.updater - INFO - updater 21360 Patching C:\Qt\6.7.3\msvc2019_64\lib\Qt6QmlCompilerd.prl
2026-07-09 22:25:55,116 - aqt.updater - INFO - updater 21360 Patching C:\Qt\6.7.3\msvc2019_64\lib\Qt6QmlCore.prl
2026-07-09 22:25:55,125 - aqt.updater - INFO - updater 21360 Patching C:\Qt\6.7.3\msvc2019_64\lib\Qt6QmlCored.prl
2026-07-09 22:25:55,131 - aqt.updater - INFO - updater 21360 Patching C:\Qt\6.7.3\msvc2019_64\lib\Qt6Qmld.prl
2026-07-09 22:25:55,138 - aqt.updater - INFO - updater 21360 Patching C:\Qt\6.7.3\msvc2019_64\lib\Qt6QmlDebug.prl
2026-07-09 22:25:55,145 - aqt.updater - INFO - updater 21360 Patching C:\Qt\6.7.3\msvc2019_64\lib\Qt6QmlDebugd.prl
2026-07-09 22:25:55,152 - aqt.updater - INFO - updater 21360 Patching C:\Qt\6.7.3\msvc2019_64\lib\Qt6QmlDom.prl
2026-07-09 22:25:55,159 - aqt.updater - INFO - updater 21360 Patching C:\Qt\6.7.3\msvc2019_64\lib\Qt6QmlDomd.prl
2026-07-09 22:25:55,166 - aqt.updater - INFO - updater 21360 Patching C:\Qt\6.7.3\msvc2019_64\lib\Qt6QmlLocalStorage.prl
2026-07-09 22:25:55,172 - aqt.updater - INFO - updater 21360 Patching C:\Qt\6.7.3\msvc2019_64\lib\Qt6QmlLocalStoraged.prl
2026-07-09 22:25:55,179 - aqt.updater - INFO - updater 21360 Patching C:\Qt\6.7.3\msvc2019_64\lib\Qt6QmlLS.prl
2026-07-09 22:25:55,185 - aqt.updater - INFO - updater 21360 Patching C:\Qt\6.7.3\msvc2019_64\lib\Qt6QmlLSd.prl
2026-07-09 22:25:55,193 - aqt.updater - INFO - updater 21360 Patching C:\Qt\6.7.3\msvc2019_64\lib\Qt6QmlModels.prl
2026-07-09 22:25:55,199 - aqt.updater - INFO - updater 21360 Patching C:\Qt\6.7.3\msvc2019_64\lib\Qt6QmlModelsd.prl
2026-07-09 22:25:55,206 - aqt.updater - INFO - updater 21360 Patching C:\Qt\6.7.3\msvc2019_64\lib\Qt6QmlNetwork.prl
2026-07-09 22:25:55,213 - aqt.updater - INFO - updater 21360 Patching C:\Qt\6.7.3\msvc2019_64\lib\Qt6QmlNetworkd.prl
2026-07-09 22:25:55,219 - aqt.updater - INFO - updater 21360 Patching C:\Qt\6.7.3\msvc2019_64\lib\Qt6QmlToolingSettings.prl
2026-07-09 22:25:55,226 - aqt.updater - INFO - updater 21360 Patching C:\Qt\6.7.3\msvc2019_64\lib\Qt6QmlToolingSettingsd.prl
2026-07-09 22:25:55,233 - aqt.updater - INFO - updater 21360 Patching C:\Qt\6.7.3\msvc2019_64\lib\Qt6QmlTypeRegistrar.prl
2026-07-09 22:25:55,240 - aqt.updater - INFO - updater 21360 Patching C:\Qt\6.7.3\msvc2019_64\lib\Qt6QmlTypeRegistrard.prl
2026-07-09 22:25:55,249 - aqt.updater - INFO - updater 21360 Patching C:\Qt\6.7.3\msvc2019_64\lib\Qt6QmlWorkerScript.prl
2026-07-09 22:25:55,256 - aqt.updater - INFO - updater 21360 Patching C:\Qt\6.7.3\msvc2019_64\lib\Qt6QmlWorkerScriptd.prl
2026-07-09 22:25:55,263 - aqt.updater - INFO - updater 21360 Patching C:\Qt\6.7.3\msvc2019_64\lib\Qt6QmlXmlListModel.prl
2026-07-09 22:25:55,270 - aqt.updater - INFO - updater 21360 Patching C:\Qt\6.7.3\msvc2019_64\lib\Qt6QmlXmlListModeld.prl
2026-07-09 22:25:55,278 - aqt.updater - INFO - updater 21360 Patching C:\Qt\6.7.3\msvc2019_64\lib\Qt6Quick.prl
2026-07-09 22:25:55,285 - aqt.updater - INFO - updater 21360 Patching C:\Qt\6.7.3\msvc2019_64\lib\Qt6Quick3D.prl
2026-07-09 22:25:55,292 - aqt.updater - INFO - updater 21360 Patching C:\Qt\6.7.3\msvc2019_64\lib\Qt6Quick3DAssetImport.prl
2026-07-09 22:25:55,299 - aqt.updater - INFO - updater 21360 Patching C:\Qt\6.7.3\msvc2019_64\lib\Qt6Quick3DAssetImportd.prl
2026-07-09 22:25:55,305 - aqt.updater - INFO - updater 21360 Patching C:\Qt\6.7.3\msvc2019_64\lib\Qt6Quick3DAssetUtils.prl
2026-07-09 22:25:55,312 - aqt.updater - INFO - updater 21360 Patching C:\Qt\6.7.3\msvc2019_64\lib\Qt6Quick3DAssetUtilsd.prl
2026-07-09 22:25:55,319 - aqt.updater - INFO - updater 21360 Patching C:\Qt\6.7.3\msvc2019_64\lib\Qt6Quick3Dd.prl
2026-07-09 22:25:55,328 - aqt.updater - INFO - updater 21360 Patching C:\Qt\6.7.3\msvc2019_64\lib\Qt6Quick3DEffects.prl
2026-07-09 22:25:55,334 - aqt.updater - INFO - updater 21360 Patching C:\Qt\6.7.3\msvc2019_64\lib\Qt6Quick3DEffectsd.prl
2026-07-09 22:25:55,341 - aqt.updater - INFO - updater 21360 Patching C:\Qt\6.7.3\msvc2019_64\lib\Qt6Quick3DGlslParser.prl
2026-07-09 22:25:55,349 - aqt.updater - INFO - updater 21360 Patching C:\Qt\6.7.3\msvc2019_64\lib\Qt6Quick3DGlslParserd.prl
2026-07-09 22:25:55,356 - aqt.updater - INFO - updater 21360 Patching C:\Qt\6.7.3\msvc2019_64\lib\Qt6Quick3DHelpers.prl
2026-07-09 22:25:55,362 - aqt.updater - INFO - updater 21360 Patching C:\Qt\6.7.3\msvc2019_64\lib\Qt6Quick3DHelpersd.prl
2026-07-09 22:25:55,368 - aqt.updater - INFO - updater 21360 Patching C:\Qt\6.7.3\msvc2019_64\lib\Qt6Quick3DHelpersImpl.prl
2026-07-09 22:25:55,376 - aqt.updater - INFO - updater 21360 Patching C:\Qt\6.7.3\msvc2019_64\lib\Qt6Quick3DHelpersImpld.prl
2026-07-09 22:25:55,382 - aqt.updater - INFO - updater 21360 Patching C:\Qt\6.7.3\msvc2019_64\lib\Qt6Quick3DIblBaker.prl
2026-07-09 22:25:55,387 - aqt.updater - INFO - updater 21360 Patching C:\Qt\6.7.3\msvc2019_64\lib\Qt6Quick3DIblBakerd.prl
2026-07-09 22:25:55,393 - aqt.updater - INFO - updater 21360 Patching C:\Qt\6.7.3\msvc2019_64\lib\Qt6Quick3DParticleEffects.prl
2026-07-09 22:25:55,400 - aqt.updater - INFO - updater 21360 Patching C:\Qt\6.7.3\msvc2019_64\lib\Qt6Quick3DParticleEffectsd.prl
2026-07-09 22:25:55,406 - aqt.updater - INFO - updater 21360 Patching C:\Qt\6.7.3\msvc2019_64\lib\Qt6Quick3DParticles.prl
2026-07-09 22:25:55,413 - aqt.updater - INFO - updater 21360 Patching C:\Qt\6.7.3\msvc2019_64\lib\Qt6Quick3DParticlesd.prl
2026-07-09 22:25:55,420 - aqt.updater - INFO - updater 21360 Patching C:\Qt\6.7.3\msvc2019_64\lib\Qt6Quick3DRuntimeRender.prl
2026-07-09 22:25:55,426 - aqt.updater - INFO - updater 21360 Patching C:\Qt\6.7.3\msvc2019_64\lib\Qt6Quick3DRuntimeRenderd.prl
2026-07-09 22:25:55,434 - aqt.updater - INFO - updater 21360 Patching C:\Qt\6.7.3\msvc2019_64\lib\Qt6Quick3DUtils.prl
2026-07-09 22:25:55,440 - aqt.updater - INFO - updater 21360 Patching C:\Qt\6.7.3\msvc2019_64\lib\Qt6Quick3DUtilsd.prl
2026-07-09 22:25:55,448 - aqt.updater - INFO - updater 21360 Patching C:\Qt\6.7.3\msvc2019_64\lib\Qt6QuickControls2.prl
2026-07-09 22:25:55,453 - aqt.updater - INFO - updater 21360 Patching C:\Qt\6.7.3\msvc2019_64\lib\Qt6QuickControls2Basic.prl
2026-07-09 22:25:55,458 - aqt.updater - INFO - updater 21360 Patching C:\Qt\6.7.3\msvc2019_64\lib\Qt6QuickControls2Basicd.prl
2026-07-09 22:25:55,466 - aqt.updater - INFO - updater 21360 Patching C:\Qt\6.7.3\msvc2019_64\lib\Qt6QuickControls2BasicStyleImpl.prl
2026-07-09 22:25:55,472 - aqt.updater - INFO - updater 21360 Patching C:\Qt\6.7.3\msvc2019_64\lib\Qt6QuickControls2BasicStyleImpld.prl
2026-07-09 22:25:55,478 - aqt.updater - INFO - updater 21360 Patching C:\Qt\6.7.3\msvc2019_64\lib\Qt6QuickControls2d.prl
2026-07-09 22:25:55,486 - aqt.updater - INFO - updater 21360 Patching C:\Qt\6.7.3\msvc2019_64\lib\Qt6QuickControls2Fusion.prl
2026-07-09 22:25:55,491 - aqt.updater - INFO - updater 21360 Patching C:\Qt\6.7.3\msvc2019_64\lib\Qt6QuickControls2Fusiond.prl
2026-07-09 22:25:55,498 - aqt.updater - INFO - updater 21360 Patching C:\Qt\6.7.3\msvc2019_64\lib\Qt6QuickControls2FusionStyleImpl.prl
2026-07-09 22:25:55,504 - aqt.updater - INFO - updater 21360 Patching C:\Qt\6.7.3\msvc2019_64\lib\Qt6QuickControls2FusionStyleImpld.prl
2026-07-09 22:25:55,511 - aqt.updater - INFO - updater 21360 Patching C:\Qt\6.7.3\msvc2019_64\lib\Qt6QuickControls2Imagine.prl
2026-07-09 22:25:55,519 - aqt.updater - INFO - updater 21360 Patching C:\Qt\6.7.3\msvc2019_64\lib\Qt6QuickControls2Imagined.prl
2026-07-09 22:25:55,524 - aqt.updater - INFO - updater 21360 Patching C:\Qt\6.7.3\msvc2019_64\lib\Qt6QuickControls2ImagineStyleImpl.prl
2026-07-09 22:25:55,532 - aqt.updater - INFO - updater 21360 Patching C:\Qt\6.7.3\msvc2019_64\lib\Qt6QuickControls2ImagineStyleImpld.prl
2026-07-09 22:25:55,538 - aqt.updater - INFO - updater 21360 Patching C:\Qt\6.7.3\msvc2019_64\lib\Qt6QuickControls2Impl.prl
2026-07-09 22:25:55,548 - aqt.updater - INFO - updater 21360 Patching C:\Qt\6.7.3\msvc2019_64\lib\Qt6QuickControls2Impld.prl
2026-07-09 22:25:55,554 - aqt.updater - INFO - updater 21360 Patching C:\Qt\6.7.3\msvc2019_64\lib\Qt6QuickControls2Material.prl
2026-07-09 22:25:55,560 - aqt.updater - INFO - updater 21360 Patching C:\Qt\6.7.3\msvc2019_64\lib\Qt6QuickControls2Materiald.prl
2026-07-09 22:25:55,565 - aqt.updater - INFO - updater 21360 Patching C:\Qt\6.7.3\msvc2019_64\lib\Qt6QuickControls2MaterialStyleImpl.prl
2026-07-09 22:25:55,570 - aqt.updater - INFO - updater 21360 Patching C:\Qt\6.7.3\msvc2019_64\lib\Qt6QuickControls2MaterialStyleImpld.prl
2026-07-09 22:25:55,577 - aqt.updater - INFO - updater 21360 Patching C:\Qt\6.7.3\msvc2019_64\lib\Qt6QuickControls2Universal.prl
2026-07-09 22:25:55,582 - aqt.updater - INFO - updater 21360 Patching C:\Qt\6.7.3\msvc2019_64\lib\Qt6QuickControls2Universald.prl
2026-07-09 22:25:55,587 - aqt.updater - INFO - updater 21360 Patching C:\Qt\6.7.3\msvc2019_64\lib\Qt6QuickControls2UniversalStyleImpl.prl
2026-07-09 22:25:55,592 - aqt.updater - INFO - updater 21360 Patching C:\Qt\6.7.3\msvc2019_64\lib\Qt6QuickControls2UniversalStyleImpld.prl
2026-07-09 22:25:55,598 - aqt.updater - INFO - updater 21360 Patching C:\Qt\6.7.3\msvc2019_64\lib\Qt6QuickControls2WindowsStyleImpl.prl
2026-07-09 22:25:55,603 - aqt.updater - INFO - updater 21360 Patching C:\Qt\6.7.3\msvc2019_64\lib\Qt6QuickControls2WindowsStyleImpld.prl
2026-07-09 22:25:55,608 - aqt.updater - INFO - updater 21360 Patching C:\Qt\6.7.3\msvc2019_64\lib\Qt6QuickControlsTestUtils.prl
2026-07-09 22:25:55,613 - aqt.updater - INFO - updater 21360 Patching C:\Qt\6.7.3\msvc2019_64\lib\Qt6QuickControlsTestUtilsd.prl
2026-07-09 22:25:55,619 - aqt.updater - INFO - updater 21360 Patching C:\Qt\6.7.3\msvc2019_64\lib\Qt6Quickd.prl
2026-07-09 22:25:55,623 - aqt.updater - INFO - updater 21360 Patching C:\Qt\6.7.3\msvc2019_64\lib\Qt6QuickDialogs2.prl
2026-07-09 22:25:55,629 - aqt.updater - INFO - updater 21360 Patching C:\Qt\6.7.3\msvc2019_64\lib\Qt6QuickDialogs2d.prl
2026-07-09 22:25:55,635 - aqt.updater - INFO - updater 21360 Patching C:\Qt\6.7.3\msvc2019_64\lib\Qt6QuickDialogs2QuickImpl.prl
2026-07-09 22:25:55,640 - aqt.updater - INFO - updater 21360 Patching C:\Qt\6.7.3\msvc2019_64\lib\Qt6QuickDialogs2QuickImpld.prl
2026-07-09 22:25:55,645 - aqt.updater - INFO - updater 21360 Patching C:\Qt\6.7.3\msvc2019_64\lib\Qt6QuickDialogs2Utils.prl
2026-07-09 22:25:55,651 - aqt.updater - INFO - updater 21360 Patching C:\Qt\6.7.3\msvc2019_64\lib\Qt6QuickDialogs2Utilsd.prl
2026-07-09 22:25:55,656 - aqt.updater - INFO - updater 21360 Patching C:\Qt\6.7.3\msvc2019_64\lib\Qt6QuickEffects.prl
2026-07-09 22:25:55,661 - aqt.updater - INFO - updater 21360 Patching C:\Qt\6.7.3\msvc2019_64\lib\Qt6QuickEffectsd.prl
2026-07-09 22:25:55,669 - aqt.updater - INFO - updater 21360 Patching C:\Qt\6.7.3\msvc2019_64\lib\Qt6QuickLayouts.prl
2026-07-09 22:25:55,676 - aqt.updater - INFO - updater 21360 Patching C:\Qt\6.7.3\msvc2019_64\lib\Qt6QuickLayoutsd.prl
2026-07-09 22:25:55,682 - aqt.updater - INFO - updater 21360 Patching C:\Qt\6.7.3\msvc2019_64\lib\Qt6QuickParticles.prl
2026-07-09 22:25:55,689 - aqt.updater - INFO - updater 21360 Patching C:\Qt\6.7.3\msvc2019_64\lib\Qt6QuickParticlesd.prl
2026-07-09 22:25:55,694 - aqt.updater - INFO - updater 21360 Patching C:\Qt\6.7.3\msvc2019_64\lib\Qt6QuickShapes.prl
2026-07-09 22:25:55,700 - aqt.updater - INFO - updater 21360 Patching C:\Qt\6.7.3\msvc2019_64\lib\Qt6QuickShapesd.prl
2026-07-09 22:25:55,706 - aqt.updater - INFO - updater 21360 Patching C:\Qt\6.7.3\msvc2019_64\lib\Qt6QuickTemplates2.prl
2026-07-09 22:25:55,711 - aqt.updater - INFO - updater 21360 Patching C:\Qt\6.7.3\msvc2019_64\lib\Qt6QuickTemplates2d.prl
2026-07-09 22:25:55,716 - aqt.updater - INFO - updater 21360 Patching C:\Qt\6.7.3\msvc2019_64\lib\Qt6QuickTest.prl
2026-07-09 22:25:55,721 - aqt.updater - INFO - updater 21360 Patching C:\Qt\6.7.3\msvc2019_64\lib\Qt6QuickTestd.prl
2026-07-09 22:25:55,727 - aqt.updater - INFO - updater 21360 Patching C:\Qt\6.7.3\msvc2019_64\lib\Qt6QuickTestUtils.prl
2026-07-09 22:25:55,734 - aqt.updater - INFO - updater 21360 Patching C:\Qt\6.7.3\msvc2019_64\lib\Qt6QuickTestUtilsd.prl
2026-07-09 22:25:55,739 - aqt.updater - INFO - updater 21360 Patching C:\Qt\6.7.3\msvc2019_64\lib\Qt6QuickWidgets.prl
2026-07-09 22:25:55,746 - aqt.updater - INFO - updater 21360 Patching C:\Qt\6.7.3\msvc2019_64\lib\Qt6QuickWidgetsd.prl
2026-07-09 22:25:55,753 - aqt.updater - INFO - updater 21360 Patching C:\Qt\6.7.3\msvc2019_64\lib\Qt6ShaderTools.prl
2026-07-09 22:25:55,759 - aqt.updater - INFO - updater 21360 Patching C:\Qt\6.7.3\msvc2019_64\lib\Qt6ShaderToolsd.prl
2026-07-09 22:25:55,765 - aqt.updater - INFO - updater 21360 Patching C:\Qt\6.7.3\msvc2019_64\lib\Qt6Sql.prl
2026-07-09 22:25:55,771 - aqt.updater - INFO - updater 21360 Patching C:\Qt\6.7.3\msvc2019_64\lib\Qt6Sqld.prl
2026-07-09 22:25:55,778 - aqt.updater - INFO - updater 21360 Patching C:\Qt\6.7.3\msvc2019_64\lib\Qt6Svg.prl
2026-07-09 22:25:55,786 - aqt.updater - INFO - updater 21360 Patching C:\Qt\6.7.3\msvc2019_64\lib\Qt6Svgd.prl
2026-07-09 22:25:55,792 - aqt.updater - INFO - updater 21360 Patching C:\Qt\6.7.3\msvc2019_64\lib\Qt6SvgWidgets.prl
2026-07-09 22:25:55,797 - aqt.updater - INFO - updater 21360 Patching C:\Qt\6.7.3\msvc2019_64\lib\Qt6SvgWidgetsd.prl
